A,B,C,A103,A203,C305,C304,C303,C302,C301
a,b,c
A
B->bB
B->#
A->aA103
A103->aB
A->cA203
A203->cB
C->aC305
C305->aC304
C304->aC303
C303->aC302
C302->aC301
C301->#
A->bB
A->#
