0,1,2,3,4,5,6,7,8,9
0
1,9,0
1,b,1
0,a,3
3,a,1
0,c,4
4,c,1
2,a,5
5,a,6
6,a,7
7,a,8
8,a,9
0,b,1
