A,B,C,A103,A203,B304,B303
a,b,c
A
A->#
B->#
A->aA103
A103->bB
A->bA203
A203->aC
B->aB304
B304->bB303
B303->aC
