0,1,2,3,4,5,6
0
0,1
0,a,3
3,b,1
0,b,4
4,a,2
1,a,5
5,b,6
6,a,2
