0,1,2,3,4
2
1,0
1,b,1
0,a,3
3,a,1
0,c,4
4,c,1
0,b,1
