A,B,A103,A203
a,b,c
A
B->bB
B->#
A->aA103
A103->aB
A->cA203
A203->cB
